Search results:

Solution 1:
V:K -->
true ~> GeneratedAnonVar0:KResult ==K GeneratedAnonVar1:Sort
