Solution: 0
V
---> 
` _484 -> _518 ` -> ` ` _518 -> _543 ` -> ` _484 -> _543 ` `
