Solution: 0
V
---> 
_937 -> ` _938 -> ` _940 -> ` _939 -> ` _945 -> ` _946 -> ` _950 -> ` _948 -> ` _952 -> ` _936 -> ` _941 -> ` _951 -> ` _942 -> ` _943 -> ` _944 -> ` _949 -> ` _947 -> _937 ` ` ` ` ` ` ` ` ` ` ` ` ` ` ` `
