Solution: 0
V
---> 
_682 -> ` _680 -> ` _681 -> _681 ` `
