Solution: 0
V
---> 
bool -> ` _484 -> ` _484 -> _484 ` `
