Solution: 0
V
---> 
` ` int -> _513 ` = ` bool -> _656 ` ` ~> _656 ~> #freezer13 ( _513 , _513 ) ~> tenv ( x |-> ` int -> _513 ` ) ~> ` ` int -> _513 ` -> _473 ` ~> tenv ( .Map )
