Solution: 0
V
---> 
` int -> _518 ` -> ` int -> _518 `
