Solution: 0
V
---> 
` int -> _513 ` -> ` int -> _513 `
