Solution: 0
V
---> 
` int -> ` int -> int ` ` -> ` int -> ` int -> int ` `
