Search results:

Solution 1:
Solution:Map -->
Y:Term |-> Y:Term
Z:Term |-> cons ( a (  ), Y )
