Search results:

Solution 1:
Solution:Map -->
A:Term |-> C:Term
B:Term |-> B:Term
C:Term |-> C
