Search results:

Solution 1:
Solution:Map -->
L:Term |-> cons ( a (  ), cons ( b (  ), cons ( c (  ), cons ( d (  ), nil (  ) )
   ) ) )

Solution 2:
Solution:Map -->
L:Term |-> cons ( b (  ), cons ( a (  ), cons ( c (  ), cons ( d (  ), nil (  ) )
   ) ) )

Solution 3:
Solution:Map -->
L:Term |-> cons ( b (  ), cons ( c (  ), cons ( a (  ), cons ( d (  ), nil (  ) )
   ) ) )

Solution 4:
Solution:Map -->
L:Term |-> cons ( b (  ), cons ( c (  ), cons ( d (  ), cons ( a (  ), nil (  ) )
   ) ) )
