Search results:

Solution 1:
Solution:Map -->
L:Term |-> cons ( a (  ), cons ( b (  ), nil (  ) ) )

Solution 2:
Solution:Map -->
L:Term |-> cons ( b (  ), cons ( a (  ), nil (  ) ) )
